/scratch1/jbogden/scratch000.dat
/scratch1/jbogden/scratch001.dat
/scratch1/jbogden/scratch002.dat
/scratch1/jbogden/scratch003.dat
/scratch1/jbogden/scratch004.dat
/scratch1/jbogden/scratch005.dat
/scratch1/jbogden/scratch006.dat
/scratch1/jbogden/scratch007.dat
/scratch1/jbogden/scratch008.dat
/scratch1/jbogden/scratch009.dat
/scratch1/jbogden/scratch010.dat
/scratch1/jbogden/scratch011.dat
/scratch1/jbogden/scratch012.dat
/scratch1/jbogden/scratch013.dat
/scratch1/jbogden/scratch014.dat
/scratch1/jbogden/scratch015.dat
/scratch1/jbogden/scratch016.dat
/scratch1/jbogden/scratch017.dat
/scratch1/jbogden/scratch018.dat
/scratch1/jbogden/scratch019.dat
/scratch1/jbogden/scratch020.dat
/scratch1/jbogden/scratch021.dat
/scratch1/jbogden/scratch022.dat
/scratch1/jbogden/scratch023.dat
/scratch1/jbogden/scratch024.dat
/scratch1/jbogden/scratch025.dat
/scratch1/jbogden/scratch026.dat
/scratch1/jbogden/scratch027.dat
/scratch1/jbogden/scratch028.dat
/scratch1/jbogden/scratch029.dat
/scratch1/jbogden/scratch030.dat
/scratch1/jbogden/scratch031.dat
/scratch1/jbogden/scratch032.dat
/scratch1/jbogden/scratch033.dat
/scratch1/jbogden/scratch034.dat
/scratch1/jbogden/scratch035.dat
/scratch1/jbogden/scratch036.dat
/scratch1/jbogden/scratch037.dat
/scratch1/jbogden/scratch038.dat
/scratch1/jbogden/scratch039.dat
/scratch1/jbogden/scratch040.dat
/scratch1/jbogden/scratch041.dat
/scratch1/jbogden/scratch042.dat
/scratch1/jbogden/scratch043.dat
/scratch1/jbogden/scratch044.dat
/scratch1/jbogden/scratch045.dat
/scratch1/jbogden/scratch046.dat
/scratch1/jbogden/scratch047.dat
/scratch1/jbogden/scratch048.dat
/scratch1/jbogden/scratch049.dat
/scratch1/jbogden/scratch050.dat
/scratch1/jbogden/scratch051.dat
/scratch1/jbogden/scratch052.dat
/scratch1/jbogden/scratch053.dat
/scratch1/jbogden/scratch054.dat
/scratch1/jbogden/scratch055.dat
/scratch1/jbogden/scratch056.dat
/scratch1/jbogden/scratch057.dat
/scratch1/jbogden/scratch058.dat
/scratch1/jbogden/scratch059.dat
/scratch1/jbogden/scratch060.dat
/scratch1/jbogden/scratch061.dat
/scratch1/jbogden/scratch062.dat
/scratch1/jbogden/scratch063.dat
/scratch1/jbogden/scratch064.dat
/scratch1/jbogden/scratch065.dat
/scratch1/jbogden/scratch066.dat
/scratch1/jbogden/scratch067.dat
/scratch1/jbogden/scratch068.dat
/scratch1/jbogden/scratch069.dat
/scratch1/jbogden/scratch070.dat
/scratch1/jbogden/scratch071.dat
/scratch1/jbogden/scratch072.dat
/scratch1/jbogden/scratch073.dat
/scratch1/jbogden/scratch074.dat
/scratch1/jbogden/scratch075.dat
/scratch1/jbogden/scratch076.dat
/scratch1/jbogden/scratch077.dat
/scratch1/jbogden/scratch078.dat
/scratch1/jbogden/scratch079.dat
/scratch1/jbogden/scratch080.dat
/scratch1/jbogden/scratch081.dat
/scratch1/jbogden/scratch082.dat
/scratch1/jbogden/scratch083.dat
/scratch1/jbogden/scratch084.dat
/scratch1/jbogden/scratch085.dat
/scratch1/jbogden/scratch086.dat
/scratch1/jbogden/scratch087.dat
/scratch1/jbogden/scratch088.dat
/scratch1/jbogden/scratch089.dat
/scratch1/jbogden/scratch090.dat
/scratch1/jbogden/scratch091.dat
/scratch1/jbogden/scratch092.dat
/scratch1/jbogden/scratch093.dat
/scratch1/jbogden/scratch094.dat
/scratch1/jbogden/scratch095.dat
/scratch1/jbogden/scratch096.dat
/scratch1/jbogden/scratch097.dat
/scratch1/jbogden/scratch098.dat
/scratch1/jbogden/scratch099.dat
/scratch1/jbogden/scratch100.dat
/scratch1/jbogden/scratch101.dat
/scratch1/jbogden/scratch102.dat
/scratch1/jbogden/scratch103.dat
/scratch1/jbogden/scratch104.dat
/scratch1/jbogden/scratch105.dat
/scratch1/jbogden/scratch106.dat
/scratch1/jbogden/scratch107.dat
/scratch1/jbogden/scratch108.dat
/scratch1/jbogden/scratch109.dat
/scratch1/jbogden/scratch110.dat
/scratch1/jbogden/scratch111.dat
/scratch1/jbogden/scratch112.dat
/scratch1/jbogden/scratch113.dat
/scratch1/jbogden/scratch114.dat
/scratch1/jbogden/scratch115.dat
/scratch1/jbogden/scratch116.dat
/scratch1/jbogden/scratch117.dat
/scratch1/jbogden/scratch118.dat
/scratch1/jbogden/scratch119.dat
/scratch1/jbogden/scratch120.dat
/scratch1/jbogden/scratch121.dat
/scratch1/jbogden/scratch122.dat
/scratch1/jbogden/scratch123.dat
/scratch1/jbogden/scratch124.dat
/scratch1/jbogden/scratch125.dat
/scratch1/jbogden/scratch126.dat
/scratch1/jbogden/scratch127.dat
/scratch1/jbogden/scratch128.dat
/scratch1/jbogden/scratch129.dat
/scratch1/jbogden/scratch130.dat
/scratch1/jbogden/scratch131.dat
/scratch1/jbogden/scratch132.dat
/scratch1/jbogden/scratch133.dat
/scratch1/jbogden/scratch134.dat
/scratch1/jbogden/scratch135.dat
/scratch1/jbogden/scratch136.dat
/scratch1/jbogden/scratch137.dat
/scratch1/jbogden/scratch138.dat
/scratch1/jbogden/scratch139.dat
/scratch1/jbogden/scratch140.dat
/scratch1/jbogden/scratch141.dat
/scratch1/jbogden/scratch142.dat
/scratch1/jbogden/scratch143.dat
/scratch1/jbogden/scratch144.dat
/scratch1/jbogden/scratch145.dat
/scratch1/jbogden/scratch146.dat
/scratch1/jbogden/scratch147.dat
/scratch1/jbogden/scratch148.dat
/scratch1/jbogden/scratch149.dat
/scratch1/jbogden/scratch150.dat
/scratch1/jbogden/scratch151.dat
/scratch1/jbogden/scratch152.dat
/scratch1/jbogden/scratch153.dat
/scratch1/jbogden/scratch154.dat
/scratch1/jbogden/scratch155.dat
/scratch1/jbogden/scratch156.dat
/scratch1/jbogden/scratch157.dat
/scratch1/jbogden/scratch158.dat
/scratch1/jbogden/scratch159.dat
/scratch1/jbogden/scratch160.dat
/scratch1/jbogden/scratch161.dat
/scratch1/jbogden/scratch162.dat
/scratch1/jbogden/scratch163.dat
/scratch1/jbogden/scratch164.dat
/scratch1/jbogden/scratch165.dat
/scratch1/jbogden/scratch166.dat
/scratch1/jbogden/scratch167.dat
/scratch1/jbogden/scratch168.dat
/scratch1/jbogden/scratch169.dat
/scratch1/jbogden/scratch170.dat
/scratch1/jbogden/scratch171.dat
/scratch1/jbogden/scratch172.dat
/scratch1/jbogden/scratch173.dat
/scratch1/jbogden/scratch174.dat
/scratch1/jbogden/scratch175.dat
/scratch1/jbogden/scratch176.dat
/scratch1/jbogden/scratch177.dat
/scratch1/jbogden/scratch178.dat
/scratch1/jbogden/scratch179.dat
/scratch1/jbogden/scratch180.dat
/scratch1/jbogden/scratch181.dat
/scratch1/jbogden/scratch182.dat
/scratch1/jbogden/scratch183.dat
/scratch1/jbogden/scratch184.dat
/scratch1/jbogden/scratch185.dat
/scratch1/jbogden/scratch186.dat
/scratch1/jbogden/scratch187.dat
/scratch1/jbogden/scratch188.dat
/scratch1/jbogden/scratch189.dat
/scratch1/jbogden/scratch190.dat
/scratch1/jbogden/scratch191.dat
/scratch1/jbogden/scratch192.dat
/scratch1/jbogden/scratch193.dat
/scratch1/jbogden/scratch194.dat
/scratch1/jbogden/scratch195.dat
/scratch1/jbogden/scratch196.dat
/scratch1/jbogden/scratch197.dat
/scratch1/jbogden/scratch198.dat
/scratch1/jbogden/scratch199.dat
/scratch1/jbogden/scratch200.dat
/scratch1/jbogden/scratch201.dat
/scratch1/jbogden/scratch202.dat
/scratch1/jbogden/scratch203.dat
/scratch1/jbogden/scratch204.dat
/scratch1/jbogden/scratch205.dat
/scratch1/jbogden/scratch206.dat
/scratch1/jbogden/scratch207.dat
/scratch1/jbogden/scratch208.dat
/scratch1/jbogden/scratch209.dat
/scratch1/jbogden/scratch210.dat
/scratch1/jbogden/scratch211.dat
/scratch1/jbogden/scratch212.dat
/scratch1/jbogden/scratch213.dat
/scratch1/jbogden/scratch214.dat
/scratch1/jbogden/scratch215.dat
/scratch1/jbogden/scratch216.dat
/scratch1/jbogden/scratch217.dat
/scratch1/jbogden/scratch218.dat
/scratch1/jbogden/scratch219.dat
/scratch1/jbogden/scratch220.dat
/scratch1/jbogden/scratch221.dat
/scratch1/jbogden/scratch222.dat
/scratch1/jbogden/scratch223.dat
/scratch1/jbogden/scratch224.dat
/scratch1/jbogden/scratch225.dat
/scratch1/jbogden/scratch226.dat
/scratch1/jbogden/scratch227.dat
/scratch1/jbogden/scratch228.dat
/scratch1/jbogden/scratch229.dat
/scratch1/jbogden/scratch230.dat
/scratch1/jbogden/scratch231.dat
/scratch1/jbogden/scratch232.dat
/scratch1/jbogden/scratch233.dat
/scratch1/jbogden/scratch234.dat
/scratch1/jbogden/scratch235.dat
/scratch1/jbogden/scratch236.dat
/scratch1/jbogden/scratch237.dat
/scratch1/jbogden/scratch238.dat
/scratch1/jbogden/scratch239.dat
/scratch1/jbogden/scratch240.dat
/scratch1/jbogden/scratch241.dat
/scratch1/jbogden/scratch242.dat
/scratch1/jbogden/scratch243.dat
/scratch1/jbogden/scratch244.dat
/scratch1/jbogden/scratch245.dat
/scratch1/jbogden/scratch246.dat
/scratch1/jbogden/scratch247.dat
/scratch1/jbogden/scratch248.dat
/scratch1/jbogden/scratch249.dat
/scratch1/jbogden/scratch250.dat
/scratch1/jbogden/scratch251.dat
/scratch1/jbogden/scratch252.dat
/scratch1/jbogden/scratch253.dat
/scratch1/jbogden/scratch254.dat
/scratch1/jbogden/scratch255.dat
/scratch1/jbogden/scratch256.dat
/scratch1/jbogden/scratch257.dat
/scratch1/jbogden/scratch258.dat
/scratch1/jbogden/scratch259.dat
/scratch1/jbogden/scratch260.dat
/scratch1/jbogden/scratch261.dat
/scratch1/jbogden/scratch262.dat
/scratch1/jbogden/scratch263.dat
/scratch1/jbogden/scratch264.dat
/scratch1/jbogden/scratch265.dat
/scratch1/jbogden/scratch266.dat
/scratch1/jbogden/scratch267.dat
/scratch1/jbogden/scratch268.dat
/scratch1/jbogden/scratch269.dat
/scratch1/jbogden/scratch270.dat
/scratch1/jbogden/scratch271.dat
/scratch1/jbogden/scratch272.dat
/scratch1/jbogden/scratch273.dat
/scratch1/jbogden/scratch274.dat
/scratch1/jbogden/scratch275.dat
/scratch1/jbogden/scratch276.dat
/scratch1/jbogden/scratch277.dat
/scratch1/jbogden/scratch278.dat
/scratch1/jbogden/scratch279.dat
/scratch1/jbogden/scratch280.dat
/scratch1/jbogden/scratch281.dat
/scratch1/jbogden/scratch282.dat
/scratch1/jbogden/scratch283.dat
/scratch1/jbogden/scratch284.dat
/scratch1/jbogden/scratch285.dat
/scratch1/jbogden/scratch286.dat
/scratch1/jbogden/scratch287.dat
/scratch1/jbogden/scratch288.dat
/scratch1/jbogden/scratch289.dat
/scratch1/jbogden/scratch290.dat
/scratch1/jbogden/scratch291.dat
/scratch1/jbogden/scratch292.dat
/scratch1/jbogden/scratch293.dat
/scratch1/jbogden/scratch294.dat
/scratch1/jbogden/scratch295.dat
/scratch1/jbogden/scratch296.dat
/scratch1/jbogden/scratch297.dat
/scratch1/jbogden/scratch298.dat
/scratch1/jbogden/scratch299.dat
/scratch1/jbogden/scratch300.dat
/scratch1/jbogden/scratch301.dat
/scratch1/jbogden/scratch302.dat
/scratch1/jbogden/scratch303.dat
/scratch1/jbogden/scratch304.dat
/scratch1/jbogden/scratch305.dat
/scratch1/jbogden/scratch306.dat
/scratch1/jbogden/scratch307.dat
/scratch1/jbogden/scratch308.dat
/scratch1/jbogden/scratch309.dat
/scratch1/jbogden/scratch310.dat
/scratch1/jbogden/scratch311.dat
/scratch1/jbogden/scratch312.dat
/scratch1/jbogden/scratch313.dat
/scratch1/jbogden/scratch314.dat
/scratch1/jbogden/scratch315.dat
/scratch1/jbogden/scratch316.dat
/scratch1/jbogden/scratch317.dat
/scratch1/jbogden/scratch318.dat
/scratch1/jbogden/scratch319.dat
/scratch1/jbogden/scratch320.dat
/scratch1/jbogden/scratch321.dat
/scratch1/jbogden/scratch322.dat
/scratch1/jbogden/scratch323.dat
/scratch1/jbogden/scratch324.dat
/scratch1/jbogden/scratch325.dat
/scratch1/jbogden/scratch326.dat
/scratch1/jbogden/scratch327.dat
/scratch1/jbogden/scratch328.dat
/scratch1/jbogden/scratch329.dat
/scratch1/jbogden/scratch330.dat
/scratch1/jbogden/scratch331.dat
/scratch1/jbogden/scratch332.dat
/scratch1/jbogden/scratch333.dat
/scratch1/jbogden/scratch334.dat
/scratch1/jbogden/scratch335.dat
/scratch1/jbogden/scratch336.dat
/scratch1/jbogden/scratch337.dat
/scratch1/jbogden/scratch338.dat
/scratch1/jbogden/scratch339.dat
/scratch1/jbogden/scratch340.dat
/scratch1/jbogden/scratch341.dat
/scratch1/jbogden/scratch342.dat
/scratch1/jbogden/scratch343.dat
/scratch1/jbogden/scratch344.dat
/scratch1/jbogden/scratch345.dat
/scratch1/jbogden/scratch346.dat
/scratch1/jbogden/scratch347.dat
/scratch1/jbogden/scratch348.dat
/scratch1/jbogden/scratch349.dat
/scratch1/jbogden/scratch350.dat
/scratch1/jbogden/scratch351.dat
/scratch1/jbogden/scratch352.dat
/scratch1/jbogden/scratch353.dat
/scratch1/jbogden/scratch354.dat
/scratch1/jbogden/scratch355.dat
/scratch1/jbogden/scratch356.dat
/scratch1/jbogden/scratch357.dat
/scratch1/jbogden/scratch358.dat
/scratch1/jbogden/scratch359.dat
/scratch1/jbogden/scratch360.dat
/scratch1/jbogden/scratch361.dat
/scratch1/jbogden/scratch362.dat
/scratch1/jbogden/scratch363.dat
/scratch1/jbogden/scratch364.dat
/scratch1/jbogden/scratch365.dat
/scratch1/jbogden/scratch366.dat
/scratch1/jbogden/scratch367.dat
/scratch1/jbogden/scratch368.dat
/scratch1/jbogden/scratch369.dat
/scratch1/jbogden/scratch370.dat
/scratch1/jbogden/scratch371.dat
/scratch1/jbogden/scratch372.dat
/scratch1/jbogden/scratch373.dat
/scratch1/jbogden/scratch374.dat
/scratch1/jbogden/scratch375.dat
/scratch1/jbogden/scratch376.dat
/scratch1/jbogden/scratch377.dat
/scratch1/jbogden/scratch378.dat
/scratch1/jbogden/scratch379.dat
/scratch1/jbogden/scratch380.dat
/scratch1/jbogden/scratch381.dat
/scratch1/jbogden/scratch382.dat
/scratch1/jbogden/scratch383.dat
/scratch1/jbogden/scratch384.dat
/scratch1/jbogden/scratch385.dat
/scratch1/jbogden/scratch386.dat
/scratch1/jbogden/scratch387.dat
/scratch1/jbogden/scratch388.dat
/scratch1/jbogden/scratch389.dat
/scratch1/jbogden/scratch390.dat
/scratch1/jbogden/scratch391.dat
/scratch1/jbogden/scratch392.dat
/scratch1/jbogden/scratch393.dat
/scratch1/jbogden/scratch394.dat
/scratch1/jbogden/scratch395.dat
/scratch1/jbogden/scratch396.dat
/scratch1/jbogden/scratch397.dat
/scratch1/jbogden/scratch398.dat
/scratch1/jbogden/scratch399.dat
/scratch1/jbogden/scratch400.dat
/scratch1/jbogden/scratch401.dat
/scratch1/jbogden/scratch402.dat
/scratch1/jbogden/scratch403.dat
/scratch1/jbogden/scratch404.dat
/scratch1/jbogden/scratch405.dat
/scratch1/jbogden/scratch406.dat
/scratch1/jbogden/scratch407.dat
/scratch1/jbogden/scratch408.dat
/scratch1/jbogden/scratch409.dat
/scratch1/jbogden/scratch410.dat
/scratch1/jbogden/scratch411.dat
/scratch1/jbogden/scratch412.dat
/scratch1/jbogden/scratch413.dat
/scratch1/jbogden/scratch414.dat
/scratch1/jbogden/scratch415.dat
/scratch1/jbogden/scratch416.dat
/scratch1/jbogden/scratch417.dat
/scratch1/jbogden/scratch418.dat
/scratch1/jbogden/scratch419.dat
/scratch1/jbogden/scratch420.dat
/scratch1/jbogden/scratch421.dat
/scratch1/jbogden/scratch422.dat
/scratch1/jbogden/scratch423.dat
/scratch1/jbogden/scratch424.dat
/scratch1/jbogden/scratch425.dat
/scratch1/jbogden/scratch426.dat
/scratch1/jbogden/scratch427.dat
/scratch1/jbogden/scratch428.dat
/scratch1/jbogden/scratch429.dat
/scratch1/jbogden/scratch430.dat
/scratch1/jbogden/scratch431.dat
/scratch1/jbogden/scratch432.dat
/scratch1/jbogden/scratch433.dat
/scratch1/jbogden/scratch434.dat
/scratch1/jbogden/scratch435.dat
/scratch1/jbogden/scratch436.dat
/scratch1/jbogden/scratch437.dat
/scratch1/jbogden/scratch438.dat
/scratch1/jbogden/scratch439.dat
/scratch1/jbogden/scratch440.dat
/scratch1/jbogden/scratch441.dat
/scratch1/jbogden/scratch442.dat
/scratch1/jbogden/scratch443.dat
/scratch1/jbogden/scratch444.dat
/scratch1/jbogden/scratch445.dat
/scratch1/jbogden/scratch446.dat
/scratch1/jbogden/scratch447.dat
/scratch1/jbogden/scratch448.dat
/scratch1/jbogden/scratch449.dat
/scratch1/jbogden/scratch450.dat
/scratch1/jbogden/scratch451.dat
/scratch1/jbogden/scratch452.dat
/scratch1/jbogden/scratch453.dat
/scratch1/jbogden/scratch454.dat
/scratch1/jbogden/scratch455.dat
/scratch1/jbogden/scratch456.dat
/scratch1/jbogden/scratch457.dat
/scratch1/jbogden/scratch458.dat
/scratch1/jbogden/scratch459.dat
/scratch1/jbogden/scratch460.dat
/scratch1/jbogden/scratch461.dat
/scratch1/jbogden/scratch462.dat
/scratch1/jbogden/scratch463.dat
/scratch1/jbogden/scratch464.dat
/scratch1/jbogden/scratch465.dat
/scratch1/jbogden/scratch466.dat
/scratch1/jbogden/scratch467.dat
/scratch1/jbogden/scratch468.dat
/scratch1/jbogden/scratch469.dat
/scratch1/jbogden/scratch470.dat
/scratch1/jbogden/scratch471.dat
/scratch1/jbogden/scratch472.dat
/scratch1/jbogden/scratch473.dat
/scratch1/jbogden/scratch474.dat
/scratch1/jbogden/scratch475.dat
/scratch1/jbogden/scratch476.dat
/scratch1/jbogden/scratch477.dat
/scratch1/jbogden/scratch478.dat
/scratch1/jbogden/scratch479.dat
/scratch1/jbogden/scratch480.dat
/scratch1/jbogden/scratch481.dat
/scratch1/jbogden/scratch482.dat
/scratch1/jbogden/scratch483.dat
/scratch1/jbogden/scratch484.dat
/scratch1/jbogden/scratch485.dat
/scratch1/jbogden/scratch486.dat
/scratch1/jbogden/scratch487.dat
/scratch1/jbogden/scratch488.dat
/scratch1/jbogden/scratch489.dat
/scratch1/jbogden/scratch490.dat
/scratch1/jbogden/scratch491.dat
/scratch1/jbogden/scratch492.dat
/scratch1/jbogden/scratch493.dat
/scratch1/jbogden/scratch494.dat
/scratch1/jbogden/scratch495.dat
/scratch1/jbogden/scratch496.dat
/scratch1/jbogden/scratch497.dat
/scratch1/jbogden/scratch498.dat
/scratch1/jbogden/scratch499.dat
/scratch1/jbogden/scratch500.dat
/scratch1/jbogden/scratch501.dat
/scratch1/jbogden/scratch502.dat
/scratch1/jbogden/scratch503.dat
/scratch1/jbogden/scratch504.dat
/scratch1/jbogden/scratch505.dat
/scratch1/jbogden/scratch506.dat
/scratch1/jbogden/scratch507.dat
/scratch1/jbogden/scratch508.dat
/scratch1/jbogden/scratch509.dat
/scratch1/jbogden/scratch510.dat
/scratch1/jbogden/scratch511.dat
